[2026-06-10 17:08:35,441][execute.py 53][DEBUG]: Environment switched to: test (config: TEST_CONFIG)
[2026-06-10 17:08:35,441][execute.py 107][INFO]: ---环境自动初始化---执行的是test环境
[2026-06-10 17:08:35,441][execute.py 53][DEBUG]: Environment switched to: uat (config: UAT_CONFIG)
[2026-06-10 17:08:35,441][execute.py 87][INFO]: ---测试开始---执行的是uat环境
[2026-06-10 17:08:36,339][simple_request.py 253][INFO]: method:POST,url:https://uat-api.alloyx-payment.net/web/user/login
[2026-06-10 17:08:36,339][simple_request.py 255][INFO]: Request data: {
  "loginMethod": "email",
  "password": "53bfef360f0c4e9d70cc1e6b262e24f1",
  "email": "ryan.zhou@alloyx.com",
  "laissezPasser": false,
  "language": "zh_CN"
}
[2026-06-10 17:08:39,078][simple_request.py 273][INFO]: Response status code: 201
[2026-06-10 17:08:39,078][simple_request.py 277][INFO]: Response status code: 201
[2026-06-10 17:08:39,123][read_and_save_tool.py 88][INFO]: 配置已保存到文件: /Users/alloyx/Desktop/alloxy_interface_test/common/config.ini
[2026-06-10 17:08:39,127][simple_request.py 253][INFO]: method:POST,url:https://uat-api.alloyx-payment.net/web/user/login
[2026-06-10 17:08:39,127][simple_request.py 255][INFO]: Request data: {
  "loginMethod": "email",
  "password": "53bfef360f0c4e9d70cc1e6b262e24f1",
  "email": "1989908@qq.com",
  "laissezPasser": false,
  "language": "zh_CN"
}
[2026-06-10 17:08:41,944][simple_request.py 273][INFO]: Response status code: 201
[2026-06-10 17:08:41,944][simple_request.py 277][INFO]: Response status code: 201
[2026-06-10 17:08:41,945][read_and_save_tool.py 88][INFO]: 配置已保存到文件: /Users/alloyx/Desktop/alloxy_interface_test/common/config.ini
[2026-06-10 17:12:02,810][execute.py 53][DEBUG]: Environment switched to: test (config: TEST_CONFIG)
[2026-06-10 17:12:02,811][execute.py 107][INFO]: ---环境自动初始化---执行的是test环境
[2026-06-10 17:12:02,811][execute.py 53][DEBUG]: Environment switched to: test (config: TEST_CONFIG)
[2026-06-10 17:12:02,811][execute.py 87][INFO]: ---测试开始---执行的是test环境
[2026-06-10 17:12:03,343][simple_request.py 253][INFO]: method:POST,url:https://ax-api.pertest.tech/web/user/login
[2026-06-10 17:12:03,343][simple_request.py 255][INFO]: Request data: {
  "loginMethod": "email",
  "password": "53bfef360f0c4e9d70cc1e6b262e24f1",
  "email": "rayn.zhou@alloyx.com",
  "laissezPasser": false,
  "language": "zh_CN"
}
[2026-06-10 17:12:06,022][simple_request.py 273][INFO]: Response status code: 201
[2026-06-10 17:12:06,022][simple_request.py 277][INFO]: Response status code: 201
[2026-06-10 17:12:06,023][read_and_save_tool.py 88][INFO]: 配置已保存到文件: /Users/alloyx/Desktop/alloxy_interface_test/common/config.ini
[2026-06-10 17:12:06,026][simple_request.py 253][INFO]: method:POST,url:https://ax-api.pertest.tech/web/user/login
[2026-06-10 17:12:06,026][simple_request.py 255][INFO]: Request data: {
  "loginMethod": "email",
  "password": "53bfef360f0c4e9d70cc1e6b262e24f1",
  "email": "670246852@qq.com",
  "laissezPasser": false,
  "language": "zh_CN"
}
[2026-06-10 17:12:07,812][simple_request.py 273][INFO]: Response status code: 201
[2026-06-10 17:12:07,812][simple_request.py 277][INFO]: Response status code: 201
[2026-06-10 17:12:07,814][read_and_save_tool.py 88][INFO]: 配置已保存到文件: /Users/alloyx/Desktop/alloxy_interface_test/common/config.ini
